[33mÔØ»[39m Building...
[32mÔ£ö[39m Building...
[35mBrowser bundles[39m      
[1mInitial chunk files[22m  [2m | [22m[1mNames[22m           [2m | [22m [1mRaw size[22m[2m | [22m[1mEstimated transfer size[22m
[32mmain-HTAQKCOL.js[39m     [2m | [22m[2mmain[22m            [2m | [22m  [36m1.75 MB[39m[2m | [22m              [36m350.71 kB[39m
[32mstyles-EU6BXWBN.css[39m  [2m | [22m[2mstyles[22m          [2m | [22m[36m350.21 kB[39m[2m | [22m               [36m19.56 kB[39m
[32mpolyfills-5CFQRCPP.js[39m[2m | [22m[2mpolyfills[22m       [2m | [22m [36m34.59 kB[39m[2m | [22m               [36m11.33 kB[39m

[1m [22m                    [2m | [22m[1mInitial total[22m   [2m | [22m  [1m[91m2.13 MB[39m[22m[2m | [22m              [1m381.60 kB[22m


[35mServer bundles[39m       
[1mInitial chunk files[22m  [2m | [22m[1mNames[22m           [2m | [22m [1mRaw size[22m
[32mmain.server.mjs[39m      [2m | [22m[2mmain.server[22m     [2m | [22m  [36m2.18 MB[39m[2m | [22m                       
[32mserver.mjs[39m           [2m | [22m[2mserver[22m          [2m | [22m[36m810.30 kB[39m[2m | [22m                       
[32mpolyfills.server.mjs[39m [2m | [22m[2mpolyfills.server[22m[2m | [22m[36m265.23 kB[39m[2m | [22m                       
[32mchunk-X2SEQXRR.mjs[39m   [2m | [22m[2m-[22m               [2m | [22m  [36m2.41 kB[39m[2m | [22m                       
[32mchunk-L2MVFUKD.mjs[39m   [2m | [22m[2m-[22m               [2m | [22m  [36m1.32 kB[39m[2m | [22m                       

[1mLazy chunk files[22m     [2m | [22m[1mNames[22m           [2m | [22m [1mRaw size[22m
[32mchunk-HKQTHSU5.mjs[39m   [2m | [22m[2mxhr2[22m            [2m | [22m [36m12.15 kB[39m[2m | [22m                       
[32mchunk-ZBYV3YBF.mjs[39m   [2m | [22m[2mxhr2[22m            [2m | [22m [36m12.08 kB[39m[2m | [22m                       

[35mPrerendered 8 static routes.[39m
Application bundle generation failed. [58.663 seconds] - 2026-03-12T01:11:59.817Z

